NON-LOGIC(no devices)  INTERNAL_3                         -> -  alts=sky130_fd_sc_hd__tapvgnd2_1:1672900, sky130_fd_sc_hd__tapvgnd_1:1672900
NON-LOGIC(no devices)  INTERNAL_7                         -> -  alts=sky130_fd_sc_hd__tapvgnd2_1:1672900, sky130_fd_sc_hd__tapvgnd_1:1672900
EXACT                  sky130_fd_sc_hd__a2111oi_2         -> sky130_fd_sc_hd__a2111oi_2
EXACT                  sky130_fd_sc_hd__a211o_2           -> sky130_fd_sc_hd__a211o_2
EXACT                  sky130_fd_sc_hd__a211oi_2          -> sky130_fd_sc_hd__a211oi_2
EXACT                  sky130_fd_sc_hd__a21bo_2           -> sky130_fd_sc_hd__a21bo_2
EXACT                  sky130_fd_sc_hd__a21boi_2          -> sky130_fd_sc_hd__a21boi_2
EXACT                  sky130_fd_sc_hd__a21o_2            -> sky130_fd_sc_hd__a21o_2
EXACT                  sky130_fd_sc_hd__a21oi_2           -> sky130_fd_sc_hd__a21oi_2
EXACT                  sky130_fd_sc_hd__a221o_2           -> sky130_fd_sc_hd__a221o_2
EXACT                  sky130_fd_sc_hd__a221oi_2          -> sky130_fd_sc_hd__a221oi_2
EXACT                  sky130_fd_sc_hd__a22o_2            -> sky130_fd_sc_hd__a22o_2
EXACT                  sky130_fd_sc_hd__a22oi_2           -> sky130_fd_sc_hd__a22oi_2
EXACT                  sky130_fd_sc_hd__a311o_2           -> sky130_fd_sc_hd__a311o_2
EXACT                  sky130_fd_sc_hd__a31o_2            -> sky130_fd_sc_hd__a31o_2
EXACT                  sky130_fd_sc_hd__a31oi_2           -> sky130_fd_sc_hd__a31oi_2
EXACT                  sky130_fd_sc_hd__a32o_2            -> sky130_fd_sc_hd__a32o_2
EXACT                  sky130_fd_sc_hd__a41oi_2           -> sky130_fd_sc_hd__a41oi_2
EXACT                  sky130_fd_sc_hd__and2_2            -> sky130_fd_sc_hd__and2_2
EXACT                  sky130_fd_sc_hd__and2b_2           -> sky130_fd_sc_hd__and2b_2
EXACT                  sky130_fd_sc_hd__and3_2            -> sky130_fd_sc_hd__and3_2
EXACT                  sky130_fd_sc_hd__and3b_2           -> sky130_fd_sc_hd__and3b_2
EXACT                  sky130_fd_sc_hd__and4_2            -> sky130_fd_sc_hd__and4_2
MATCH(xor=6400nm2)     sky130_fd_sc_hd__and4b_2           -> sky130_fd_sc_hd__and4b_2  alts=sky130_fd_sc_hd__o2bb2a_2:3512700, sky130_fd_sc_hd__mux2_2:4029850
EXACT                  sky130_fd_sc_hd__and4bb_2          -> sky130_fd_sc_hd__and4bb_2
EXACT                  sky130_fd_sc_hd__buf_2             -> sky130_fd_sc_hd__buf_2
EXACT                  sky130_fd_sc_hd__clkbuf_16         -> sky130_fd_sc_hd__clkbuf_16
EXACT                  sky130_fd_sc_hd__clkbuf_4          -> sky130_fd_sc_hd__clkbuf_4  alts=sky130_fd_sc_hd__lpflow_clkbufkapwr_4:6800
EXACT                  sky130_fd_sc_hd__clkbuf_8          -> sky130_fd_sc_hd__clkbuf_8  alts=sky130_fd_sc_hd__lpflow_clkbufkapwr_8:0
MATCH(xor=81600nm2)    sky130_fd_sc_hd__conb_1            -> sky130_fd_sc_hd__conb_1  alts=sky130_fd_sc_hd__clkinv_1:4923350, sky130_fd_sc_hd__lpflow_clkinvkapwr_1:4923350
EXACT                  sky130_fd_sc_hd__decap_3           -> sky130_fd_sc_hd__decap_3
EXACT                  sky130_fd_sc_hd__dfrtp_2           -> sky130_fd_sc_hd__dfrtp_2
EXACT                  sky130_fd_sc_hd__dfstp_2           -> sky130_fd_sc_hd__dfstp_2
EXACT                  sky130_fd_sc_hd__dfxtp_2           -> sky130_fd_sc_hd__dfxtp_2
EXACT                  sky130_fd_sc_hd__diode_2           -> sky130_fd_sc_hd__diode_2
EXACT                  sky130_fd_sc_hd__inv_2             -> sky130_fd_sc_hd__inv_2
EXACT                  sky130_fd_sc_hd__mux2_1            -> sky130_fd_sc_hd__mux2_1
EXACT                  sky130_fd_sc_hd__nand2_2           -> sky130_fd_sc_hd__nand2_2
EXACT                  sky130_fd_sc_hd__nand2b_2          -> sky130_fd_sc_hd__nand2b_2
EXACT                  sky130_fd_sc_hd__nand3_2           -> sky130_fd_sc_hd__nand3_2
EXACT                  sky130_fd_sc_hd__nand3b_2          -> sky130_fd_sc_hd__nand3b_2
EXACT                  sky130_fd_sc_hd__nand4_2           -> sky130_fd_sc_hd__nand4_2
EXACT                  sky130_fd_sc_hd__nor2_2            -> sky130_fd_sc_hd__nor2_2
EXACT                  sky130_fd_sc_hd__nor3_2            -> sky130_fd_sc_hd__nor3_2
EXACT                  sky130_fd_sc_hd__nor3b_2           -> sky130_fd_sc_hd__nor3b_2
EXACT                  sky130_fd_sc_hd__nor4_2            -> sky130_fd_sc_hd__nor4_2
EXACT                  sky130_fd_sc_hd__nor4b_2           -> sky130_fd_sc_hd__nor4b_2
MATCH(xor=9950nm2)     sky130_fd_sc_hd__o211a_2           -> sky130_fd_sc_hd__o211a_2  alts=sky130_fd_sc_hd__o22a_2:3091725, sky130_fd_sc_hd__a2111oi_1:3110250
EXACT                  sky130_fd_sc_hd__o211ai_2          -> sky130_fd_sc_hd__o211ai_2
EXACT                  sky130_fd_sc_hd__o21a_2            -> sky130_fd_sc_hd__o21a_2
EXACT                  sky130_fd_sc_hd__o21ai_2           -> sky130_fd_sc_hd__o21ai_2
EXACT                  sky130_fd_sc_hd__o21ba_2           -> sky130_fd_sc_hd__o21ba_2
EXACT                  sky130_fd_sc_hd__o21bai_2          -> sky130_fd_sc_hd__o21bai_2
EXACT                  sky130_fd_sc_hd__o221a_2           -> sky130_fd_sc_hd__o221a_2
EXACT                  sky130_fd_sc_hd__o22a_2            -> sky130_fd_sc_hd__o22a_2
EXACT                  sky130_fd_sc_hd__o22ai_2           -> sky130_fd_sc_hd__o22ai_2
EXACT                  sky130_fd_sc_hd__o2bb2a_2          -> sky130_fd_sc_hd__o2bb2a_2
EXACT                  sky130_fd_sc_hd__o311a_2           -> sky130_fd_sc_hd__o311a_2
EXACT                  sky130_fd_sc_hd__o31a_2            -> sky130_fd_sc_hd__o31a_2
EXACT                  sky130_fd_sc_hd__o31ai_2           -> sky130_fd_sc_hd__o31ai_2
EXACT                  sky130_fd_sc_hd__o32a_2            -> sky130_fd_sc_hd__o32a_2
EXACT                  sky130_fd_sc_hd__o32ai_2           -> sky130_fd_sc_hd__o32ai_2
EXACT                  sky130_fd_sc_hd__or2_2             -> sky130_fd_sc_hd__or2_2
EXACT                  sky130_fd_sc_hd__or3_2             -> sky130_fd_sc_hd__or3_2
EXACT                  sky130_fd_sc_hd__or3b_2            -> sky130_fd_sc_hd__or3b_2
EXACT                  sky130_fd_sc_hd__or4_2             -> sky130_fd_sc_hd__or4_2
EXACT                  sky130_fd_sc_hd__or4b_2            -> sky130_fd_sc_hd__or4b_2
EXACT                  sky130_fd_sc_hd__or4bb_2           -> sky130_fd_sc_hd__or4bb_2
EXACT                  sky130_fd_sc_hd__tapvpwrvgnd_1     -> sky130_fd_sc_hd__tapvpwrvgnd_1  alts=sky130_fd_sc_hd__tap_1:15300, sky130_fd_sc_hd__tapvgnd2_1:15300
EXACT                  sky130_fd_sc_hd__xnor2_2           -> sky130_fd_sc_hd__xnor2_2
EXACT                  sky130_fd_sc_hd__xor2_2            -> sky130_fd_sc_hd__xor2_2
